[?2026h[?25l[1G⠙ [K[?25h[?2026l[?25l[?2026h[?25l[1G[K[?25h[?2026l[2K[1G[?25hWhy[?25l[?25h don[?25l[?25h't[?25l[?25h scientists[?25l[?25h trust[?25l[?25h atoms[?25l[?25h?[?25l[?25h Because[?25l[?25h they[?25l[?25h make[?25l[?25h up[?25l[?25h everything[?25l[?25h![?25l[?25h

[?25l[?25h